// Jest Snapshot v1, https://goo.gl/fbAQLP

exports[`Header Header snapshot 1`] = `
Object {
  "asFragment": [Function],
  "baseElement": <body>
    <div>
      <div
        class="header"
      >
        <a
          href="/"
          style="text-decoration: none;"
        >
           
          <h1
            class="devices"
          >
            Devices list
          </h1>
        </a>
        <div
          class="header-svg-wrapp"
        >
          <sup
            class="counter"
          >
            0
          </sup>
          <a
            href="/favourites"
          >
            <svg
              class="svg-favourite-white"
              data-name="Layer 2"
              height="32"
              viewBox="0 0 32 32"
              width="32"
              xmlns="http://www.w3.org/2000/svg"
            >
              <path
                d="M29.95 12.68A1 1 0 0 0 29 12h-9.26L17 2.77a1 1 0 0 0-1.91 0L12.26 12H3a1 1 0 0 0-.6 1.8l7.39 5.54-3.72 9.29a1 1 0 0 0 1.54 1.16L16 23.27l8.39 6.52a1 1 0 0 0 1.54-1.16l-3.72-9.29 7.39-5.54a1 1 0 0 0 .35-1.12Z"
              />
            </svg>
          </a>
          <sup
            class="counter"
          >
            0
          </sup>
          <a
            href="/cartitems"
          >
            <svg
              class="white-cart"
              data-name="Layer 2"
              height="32px"
              viewBox="0 0 35 35"
              width="32px"
              xmlns="http://www.w3.org/2000/svg"
            >
              <path
                d="M27.47,23.93H14.92A5.09,5.09,0,0,1,10,20L8,11.87a5.11,5.11,0,0,1,5-6.32h16.5a5.11,5.11,0,0,1,5,6.32l-2,8.15A5.1,5.1,0,0,1,27.47,23.93ZM12.94,8.05a2.62,2.62,0,0,0-2.54,3.23l2,8.15a2.6,2.6,0,0,0,2.54,2H27.47a2.6,2.6,0,0,0,2.54-2l2-8.15a2.61,2.61,0,0,0-2.54-3.23Z"
              />
              <path
                d="M9.46 14a1.25 1.25 0 0 1-1.21-1L6.46 5.23A3.21 3.21 0 0 0 3.32 2.75H1.69a1.25 1.25 0 0 1 0-2.5H3.32A5.71 5.71 0 0 1 8.9 4.66l1.78 7.77a1.24 1.24 0 0 1-.93 1.5A1.43 1.43 0 0 1 9.46 14zM15.11 34.75a4 4 0 1 1 4-4A4 4 0 0 1 15.11 34.75zm0-5.54a1.52 1.52 0 1 0 1.52 1.52A1.52 1.52 0 0 0 15.11 29.21zM28.93 34.75a4 4 0 1 1 4-4A4 4 0 0 1 28.93 34.75zm0-5.54a1.52 1.52 0 1 0 1.53 1.52A1.52 1.52 0 0 0 28.93 29.21z"
              />
              <path
                d="M28.93,29.21H12.27a3.89,3.89,0,1,1,0-7.78h2.65a1.25,1.25,0,1,1,0,2.5H12.27a1.39,1.39,0,1,0,0,2.78H28.93a1.25,1.25,0,0,1,0,2.5Z"
              />
            </svg>
          </a>
        </div>
      </div>
    </div>
  </body>,
  "container": <div>
    <div
      class="header"
    >
      <a
        href="/"
        style="text-decoration: none;"
      >
         
        <h1
          class="devices"
        >
          Devices list
        </h1>
      </a>
      <div
        class="header-svg-wrapp"
      >
        <sup
          class="counter"
        >
          0
        </sup>
        <a
          href="/favourites"
        >
          <svg
            class="svg-favourite-white"
            data-name="Layer 2"
            height="32"
            viewBox="0 0 32 32"
            width="32"
            xmlns="http://www.w3.org/2000/svg"
          >
            <path
              d="M29.95 12.68A1 1 0 0 0 29 12h-9.26L17 2.77a1 1 0 0 0-1.91 0L12.26 12H3a1 1 0 0 0-.6 1.8l7.39 5.54-3.72 9.29a1 1 0 0 0 1.54 1.16L16 23.27l8.39 6.52a1 1 0 0 0 1.54-1.16l-3.72-9.29 7.39-5.54a1 1 0 0 0 .35-1.12Z"
            />
          </svg>
        </a>
        <sup
          class="counter"
        >
          0
        </sup>
        <a
          href="/cartitems"
        >
          <svg
            class="white-cart"
            data-name="Layer 2"
            height="32px"
            viewBox="0 0 35 35"
            width="32px"
            xmlns="http://www.w3.org/2000/svg"
          >
            <path
              d="M27.47,23.93H14.92A5.09,5.09,0,0,1,10,20L8,11.87a5.11,5.11,0,0,1,5-6.32h16.5a5.11,5.11,0,0,1,5,6.32l-2,8.15A5.1,5.1,0,0,1,27.47,23.93ZM12.94,8.05a2.62,2.62,0,0,0-2.54,3.23l2,8.15a2.6,2.6,0,0,0,2.54,2H27.47a2.6,2.6,0,0,0,2.54-2l2-8.15a2.61,2.61,0,0,0-2.54-3.23Z"
            />
            <path
              d="M9.46 14a1.25 1.25 0 0 1-1.21-1L6.46 5.23A3.21 3.21 0 0 0 3.32 2.75H1.69a1.25 1.25 0 0 1 0-2.5H3.32A5.71 5.71 0 0 1 8.9 4.66l1.78 7.77a1.24 1.24 0 0 1-.93 1.5A1.43 1.43 0 0 1 9.46 14zM15.11 34.75a4 4 0 1 1 4-4A4 4 0 0 1 15.11 34.75zm0-5.54a1.52 1.52 0 1 0 1.52 1.52A1.52 1.52 0 0 0 15.11 29.21zM28.93 34.75a4 4 0 1 1 4-4A4 4 0 0 1 28.93 34.75zm0-5.54a1.52 1.52 0 1 0 1.53 1.52A1.52 1.52 0 0 0 28.93 29.21z"
            />
            <path
              d="M28.93,29.21H12.27a3.89,3.89,0,1,1,0-7.78h2.65a1.25,1.25,0,1,1,0,2.5H12.27a1.39,1.39,0,1,0,0,2.78H28.93a1.25,1.25,0,0,1,0,2.5Z"
            />
          </svg>
        </a>
      </div>
    </div>
  </div>,
  "debug": [Function],
  "findAllByAltText": [Function],
  "findAllByDisplayValue": [Function],
  "findAllByLabelText": [Function],
  "findAllByPlaceholderText": [Function],
  "findAllByRole": [Function],
  "findAllByTestId": [Function],
  "findAllByText": [Function],
  "findAllByTitle": [Function],
  "findByAltText": [Function],
  "findByDisplayValue": [Function],
  "findByLabelText": [Function],
  "findByPlaceholderText": [Function],
  "findByRole": [Function],
  "findByTestId": [Function],
  "findByText": [Function],
  "findByTitle": [Function],
  "getAllByAltText": [Function],
  "getAllByDisplayValue": [Function],
  "getAllByLabelText": [Function],
  "getAllByPlaceholderText": [Function],
  "getAllByRole": [Function],
  "getAllByTestId": [Function],
  "getAllByText": [Function],
  "getAllByTitle": [Function],
  "getByAltText": [Function],
  "getByDisplayValue": [Function],
  "getByLabelText": [Function],
  "getByPlaceholderText": [Function],
  "getByRole": [Function],
  "getByTestId": [Function],
  "getByText": [Function],
  "getByTitle": [Function],
  "queryAllByAltText": [Function],
  "queryAllByDisplayValue": [Function],
  "queryAllByLabelText": [Function],
  "queryAllByPlaceholderText": [Function],
  "queryAllByRole": [Function],
  "queryAllByTestId": [Function],
  "queryAllByText": [Function],
  "queryAllByTitle": [Function],
  "queryByAltText": [Function],
  "queryByDisplayValue": [Function],
  "queryByLabelText": [Function],
  "queryByPlaceholderText": [Function],
  "queryByRole": [Function],
  "queryByTestId": [Function],
  "queryByText": [Function],
  "queryByTitle": [Function],
  "rerender": [Function],
  "unmount": [Function],
}
`;
